0 verbose cli C:\Program Files\nodejs\node.exe C:\Users\fares\AppData\Roaming\npm\node_modules\npm\bin\npm-cli.js
1 info using npm@11.7.0
2 info using node@v24.13.0
3 silly config load:file:C:\Users\fares\AppData\Roaming\npm\node_modules\npm\npmrc
4 silly config load:file:L:\npm dev Packages\.npmrc
5 silly config load:file:C:\Users\fares\.npmrc
6 silly config load:file:C:\Users\fares\AppData\Roaming\npm\etc\npmrc
7 verbose title npm publish
8 verbose argv "publish" "--dry-run" "--cache" ".npm-cache"
9 verbose logfile logs-max:10 dir:L:\npm dev Packages\.npm-cache\_logs\2026-03-16T10_22_03_044Z-
10 verbose logfile L:\npm dev Packages\.npm-cache\_logs\2026-03-16T10_22_03_044Z-debug-0.log
11 silly logfile done cleaning log files
12 verbose publish [ '.' ]
13 silly packumentCache heap:4496293888 maxSize:1124073472 maxEntrySize:562036736
14 warn publish npm auto-corrected some errors in your package.json when publishing.  Please run "npm pkg fix" to address these errors.
15 warn publish errors corrected:
15 warn publish "bin[eloquent]" script name dist/cli/eloquent.js was invalid and removed
16 notice
17 notice package: Eloquent-ORM.js@0.10.0
18 notice Tarball Contents
19 notice 2.9kB CHANGELOG.md
19 notice 6.8kB README.md
19 notice 93B dist/cli/commands/cacheClear.d.ts
19 notice 157B dist/cli/commands/cacheClear.d.ts.map
19 notice 3.0kB dist/cli/commands/cacheClear.js
19 notice 2.8kB dist/cli/commands/cacheClear.js.map
19 notice 93B dist/cli/commands/cacheStats.d.ts
19 notice 157B dist/cli/commands/cacheStats.d.ts.map
19 notice 2.8kB dist/cli/commands/cacheStats.js
19 notice 2.6kB dist/cli/commands/cacheStats.js.map
19 notice 450B dist/cli/commands/dbSeed.d.ts
19 notice 505B dist/cli/commands/dbSeed.d.ts.map
19 notice 9.5kB dist/cli/commands/dbSeed.js
19 notice 6.8kB dist/cli/commands/dbSeed.js.map
19 notice 241B dist/cli/commands/dbSeedBootstrapPrecheck.d.ts
19 notice 282B dist/cli/commands/dbSeedBootstrapPrecheck.d.ts.map
19 notice 396B dist/cli/commands/dbSeedBootstrapPrecheck.js
19 notice 275B dist/cli/commands/dbSeedBootstrapPrecheck.js.map
19 notice 421B dist/cli/commands/dbSeedFresh.d.ts
19 notice 458B dist/cli/commands/dbSeedFresh.d.ts.map
19 notice 3.5kB dist/cli/commands/dbSeedFresh.js
19 notice 2.6kB dist/cli/commands/dbSeedFresh.js.map
19 notice 259B dist/cli/commands/demoScenario.d.ts
19 notice 369B dist/cli/commands/demoScenario.d.ts.map
19 notice 9.2kB dist/cli/commands/demoScenario.js
19 notice 8.9kB dist/cli/commands/demoScenario.js.map
19 notice 435B dist/cli/commands/factoryStatus.d.ts
19 notice 316B dist/cli/commands/factoryStatus.d.ts.map
19 notice 8.8kB dist/cli/commands/factoryStatus.js
19 notice 7.1kB dist/cli/commands/factoryStatus.js.map
19 notice 381B dist/cli/commands/makeController.d.ts
19 notice 310B dist/cli/commands/makeController.d.ts.map
19 notice 2.6kB dist/cli/commands/makeController.js
19 notice 1.4kB dist/cli/commands/makeController.js.map
19 notice 408B dist/cli/commands/makeFactory.d.ts
19 notice 424B dist/cli/commands/makeFactory.d.ts.map
19 notice 8.5kB dist/cli/commands/makeFactory.js
19 notice 6.3kB dist/cli/commands/makeFactory.js.map
19 notice 611B dist/cli/commands/makeMigration.d.ts
19 notice 442B dist/cli/commands/makeMigration.d.ts.map
19 notice 24.9kB dist/cli/commands/makeMigration.js
19 notice 20.6kB dist/cli/commands/makeMigration.js.map
19 notice 569B dist/cli/commands/makeModel.d.ts
19 notice 415B dist/cli/commands/makeModel.d.ts.map
19 notice 15.8kB dist/cli/commands/makeModel.js
19 notice 12.6kB dist/cli/commands/makeModel.js.map
19 notice 202B dist/cli/commands/makeRegistry.d.ts
19 notice 299B dist/cli/commands/makeRegistry.d.ts.map
19 notice 3.6kB dist/cli/commands/makeRegistry.js
19 notice 3.1kB dist/cli/commands/makeRegistry.js.map
19 notice 328B dist/cli/commands/makeScenario.d.ts
19 notice 475B dist/cli/commands/makeScenario.d.ts.map
19 notice 26.6kB dist/cli/commands/makeScenario.js
19 notice 15.3kB dist/cli/commands/makeScenario.js.map
19 notice 282B dist/cli/commands/makeSeed.d.ts
19 notice 331B dist/cli/commands/makeSeed.d.ts.map
19 notice 1.9kB dist/cli/commands/makeSeed.js
19 notice 1.4kB dist/cli/commands/makeSeed.js.map
19 notice 168B dist/cli/commands/makeService.d.ts
19 notice 261B dist/cli/commands/makeService.d.ts.map
19 notice 1.4kB dist/cli/commands/makeService.js
19 notice 1.1kB dist/cli/commands/makeService.js.map
19 notice 482B dist/cli/commands/migrateFresh.d.ts
19 notice 460B dist/cli/commands/migrateFresh.d.ts.map
19 notice 6.2kB dist/cli/commands/migrateFresh.js
19 notice 4.8kB dist/cli/commands/migrateFresh.js.map
19 notice 415B dist/cli/commands/migrateReset.d.ts
19 notice 397B dist/cli/commands/migrateReset.d.ts.map
19 notice 1.3kB dist/cli/commands/migrateReset.js
19 notice 819B dist/cli/commands/migrateReset.js.map
19 notice 386B dist/cli/commands/migrateRollback.d.ts
19 notice 455B dist/cli/commands/migrateRollback.d.ts.map
19 notice 15.2kB dist/cli/commands/migrateRollback.js
19 notice 12.1kB dist/cli/commands/migrateRollback.js.map
19 notice 635B dist/cli/commands/migrateRun.d.ts
19 notice 588B dist/cli/commands/migrateRun.d.ts.map
19 notice 14.0kB dist/cli/commands/migrateRun.js
19 notice 11.6kB dist/cli/commands/migrateRun.js.map
19 notice 342B dist/cli/commands/migrateStatus.d.ts
19 notice 398B dist/cli/commands/migrateStatus.d.ts.map
19 notice 5.4kB dist/cli/commands/migrateStatus.js
19 notice 4.7kB dist/cli/commands/migrateStatus.js.map
19 notice 332B dist/cli/eloquent.d.ts
19 notice 181B dist/cli/eloquent.d.ts.map
19 notice 8.8kB dist/cli/eloquent.js
19 notice 5.8kB dist/cli/eloquent.js.map
19 notice 719B dist/cli/utils/ArtifactCompatibility.d.ts
19 notice 651B dist/cli/utils/ArtifactCompatibility.d.ts.map
19 notice 2.1kB dist/cli/utils/ArtifactCompatibility.js
19 notice 1.5kB dist/cli/utils/ArtifactCompatibility.js.map
19 notice 614B dist/cli/utils/ArtifactRoutingReport.d.ts
19 notice 597B dist/cli/utils/ArtifactRoutingReport.d.ts.map
19 notice 1.1kB dist/cli/utils/ArtifactRoutingReport.js
19 notice 888B dist/cli/utils/ArtifactRoutingReport.js.map
19 notice 948B dist/cli/utils/ArtifactStorage.d.ts
19 notice 755B dist/cli/utils/ArtifactStorage.d.ts.map
19 notice 7.3kB dist/cli/utils/ArtifactStorage.js
19 notice 6.0kB dist/cli/utils/ArtifactStorage.js.map
19 notice 922B dist/cli/utils/AuditTrail.d.ts
19 notice 1.0kB dist/cli/utils/AuditTrail.d.ts.map
19 notice 2.6kB dist/cli/utils/AuditTrail.js
19 notice 2.2kB dist/cli/utils/AuditTrail.js.map
19 notice 398B dist/cli/utils/CliActionRuntime.d.ts
19 notice 457B dist/cli/utils/CliActionRuntime.d.ts.map
19 notice 765B dist/cli/utils/CliActionRuntime.js
19 notice 663B dist/cli/utils/CliActionRuntime.js.map
19 notice 680B dist/cli/utils/CliBootstrapSupport.d.ts
19 notice 704B dist/cli/utils/CliBootstrapSupport.d.ts.map
19 notice 1.7kB dist/cli/utils/CliBootstrapSupport.js
19 notice 1.5kB dist/cli/utils/CliBootstrapSupport.js.map
19 notice 203B dist/cli/utils/CliCommandCatalog.d.ts
19 notice 279B dist/cli/utils/CliCommandCatalog.d.ts.map
19 notice 2.9kB dist/cli/utils/CliCommandCatalog.js
19 notice 1.3kB dist/cli/utils/CliCommandCatalog.js.map
19 notice 680B dist/cli/utils/CliCommandTargets.d.ts
19 notice 555B dist/cli/utils/CliCommandTargets.d.ts.map
19 notice 927B dist/cli/utils/CliCommandTargets.js
19 notice 691B dist/cli/utils/CliCommandTargets.js.map
19 notice 187B dist/cli/utils/CliMakeArtifactCommandRegistration.d.ts
19 notice 279B dist/cli/utils/CliMakeArtifactCommandRegistration.d.ts.map
19 notice 4.4kB dist/cli/utils/CliMakeArtifactCommandRegistration.js
19 notice 3.1kB dist/cli/utils/CliMakeArtifactCommandRegistration.js.map
19 notice 181B dist/cli/utils/CliMigrationCommandRegistration.d.ts
19 notice 273B dist/cli/utils/CliMigrationCommandRegistration.d.ts.map
19 notice 9.9kB dist/cli/utils/CliMigrationCommandRegistration.js
19 notice 6.0kB dist/cli/utils/CliMigrationCommandRegistration.js.map
19 notice 133B dist/cli/utils/CliPresentation.d.ts
19 notice 229B dist/cli/utils/CliPresentation.d.ts.map
19 notice 759B dist/cli/utils/CliPresentation.js
19 notice 488B dist/cli/utils/CliPresentation.js.map
19 notice 591B dist/cli/utils/CliProductionGuards.d.ts
19 notice 570B dist/cli/utils/CliProductionGuards.d.ts.map
19 notice 1.4kB dist/cli/utils/CliProductionGuards.js
19 notice 1.1kB dist/cli/utils/CliProductionGuards.js.map
19 notice 179B dist/cli/utils/CliScaffoldCommandRegistration.d.ts
19 notice 271B dist/cli/utils/CliScaffoldCommandRegistration.d.ts.map
19 notice 3.9kB dist/cli/utils/CliScaffoldCommandRegistration.js
19 notice 2.7kB dist/cli/utils/CliScaffoldCommandRegistration.js.map
19 notice 187B dist/cli/utils/CliSeedScenarioCommandRegistration.d.ts
19 notice 280B dist/cli/utils/CliSeedScenarioCommandRegistration.d.ts.map
19 notice 6.4kB dist/cli/utils/CliSeedScenarioCommandRegistration.js
19 notice 4.0kB dist/cli/utils/CliSeedScenarioCommandRegistration.js.map
19 notice 177B dist/cli/utils/CliSupportCommandRegistration.d.ts
19 notice 269B dist/cli/utils/CliSupportCommandRegistration.d.ts.map
19 notice 2.2kB dist/cli/utils/CliSupportCommandRegistration.js
19 notice 1.2kB dist/cli/utils/CliSupportCommandRegistration.js.map
19 notice 280B dist/cli/utils/ConsoleSilencer.d.ts
19 notice 212B dist/cli/utils/ConsoleSilencer.d.ts.map
19 notice 833B dist/cli/utils/ConsoleSilencer.js
19 notice 779B dist/cli/utils/ConsoleSilencer.js.map
19 notice 2.4kB dist/cli/utils/factories/Factory.d.ts
19 notice 2.1kB dist/cli/utils/factories/Factory.d.ts.map
19 notice 4.5kB dist/cli/utils/factories/Factory.js
19 notice 3.8kB dist/cli/utils/factories/Factory.js.map
19 notice 315B dist/cli/utils/factories/FactoryGraph.d.ts
19 notice 221B dist/cli/utils/factories/FactoryGraph.d.ts.map
19 notice 4.3kB dist/cli/utils/factories/FactoryGraph.js
19 notice 3.2kB dist/cli/utils/factories/FactoryGraph.js.map
19 notice 546B dist/cli/utils/factories/FactoryLoader.d.ts
19 notice 364B dist/cli/utils/factories/FactoryLoader.d.ts.map
19 notice 1.4kB dist/cli/utils/factories/FactoryLoader.js
19 notice 809B dist/cli/utils/factories/FactoryLoader.js.map
19 notice 800B dist/cli/utils/factories/FactoryRegistry.d.ts
19 notice 959B dist/cli/utils/factories/FactoryRegistry.d.ts.map
19 notice 3.8kB dist/cli/utils/factories/FactoryRegistry.js
19 notice 3.1kB dist/cli/utils/factories/FactoryRegistry.js.map
19 notice 289B dist/cli/utils/fileWriter.d.ts
19 notice 289B dist/cli/utils/fileWriter.d.ts.map
19 notice 2.1kB dist/cli/utils/fileWriter.js
19 notice 1.7kB dist/cli/utils/fileWriter.js.map
19 notice 531B dist/cli/utils/ImportResolver.d.ts
19 notice 466B dist/cli/utils/ImportResolver.d.ts.map
19 notice 1.8kB dist/cli/utils/ImportResolver.js
19 notice 1.3kB dist/cli/utils/ImportResolver.js.map
19 notice 1.0kB dist/cli/utils/migrations/MigrationLockStrategy.d.ts
19 notice 1.0kB dist/cli/utils/migrations/MigrationLockStrategy.d.ts.map
19 notice 4.7kB dist/cli/utils/migrations/MigrationLockStrategy.js
19 notice 4.0kB dist/cli/utils/migrations/MigrationLockStrategy.js.map
19 notice 1.6kB dist/cli/utils/migrations/MigrationTracker.d.ts
19 notice 1.6kB dist/cli/utils/migrations/MigrationTracker.d.ts.map
19 notice 12.2kB dist/cli/utils/migrations/MigrationTracker.js
19 notice 10.5kB dist/cli/utils/migrations/MigrationTracker.js.map
19 notice 1.0kB dist/cli/utils/migrations/MongoMigrationTracker.d.ts
19 notice 1.2kB dist/cli/utils/migrations/MongoMigrationTracker.d.ts.map
19 notice 10.6kB dist/cli/utils/migrations/MongoMigrationTracker.js
19 notice 9.5kB dist/cli/utils/migrations/MongoMigrationTracker.js.map
19 notice 951B dist/cli/utils/ModelIntrospector.d.ts
19 notice 1.0kB dist/cli/utils/ModelIntrospector.d.ts.map
19 notice 3.1kB dist/cli/utils/ModelIntrospector.js
19 notice 2.5kB dist/cli/utils/ModelIntrospector.js.map
19 notice 40B dist/cli/utils/nameParser.d.ts
19 notice 130B dist/cli/utils/nameParser.d.ts.map
19 notice 52B dist/cli/utils/nameParser.js
19 notice 128B dist/cli/utils/nameParser.js.map
19 notice 1.8kB dist/cli/utils/PathMap.d.ts
19 notice 1.4kB dist/cli/utils/PathMap.d.ts.map
19 notice 4.7kB dist/cli/utils/PathMap.js
19 notice 3.9kB dist/cli/utils/PathMap.js.map
19 notice 975B dist/cli/utils/ProductionSafety.d.ts
19 notice 804B dist/cli/utils/ProductionSafety.d.ts.map
19 notice 2.3kB dist/cli/utils/ProductionSafety.js
19 notice 1.9kB dist/cli/utils/ProductionSafety.js.map
19 notice 564B dist/cli/utils/resolveConnectionFlags.d.ts
19 notice 604B dist/cli/utils/resolveConnectionFlags.d.ts.map
19 notice 1.7kB dist/cli/utils/resolveConnectionFlags.js
19 notice 1.7kB dist/cli/utils/resolveConnectionFlags.js.map
19 notice 377B dist/cli/utils/resolveSqlConnectionFlags.d.ts
19 notice 453B dist/cli/utils/resolveSqlConnectionFlags.d.ts.map
19 notice 823B dist/cli/utils/resolveSqlConnectionFlags.js
19 notice 853B dist/cli/utils/resolveSqlConnectionFlags.js.map
19 notice 789B dist/cli/utils/ScaffoldGeneratorSupport.d.ts
19 notice 817B dist/cli/utils/ScaffoldGeneratorSupport.d.ts.map
19 notice 2.7kB dist/cli/utils/ScaffoldGeneratorSupport.js
19 notice 2.4kB dist/cli/utils/ScaffoldGeneratorSupport.js.map
19 notice 389B dist/cli/utils/ScenarioMorphAliasRouting.d.ts
19 notice 479B dist/cli/utils/ScenarioMorphAliasRouting.d.ts.map
19 notice 2.4kB dist/cli/utils/ScenarioMorphAliasRouting.js
19 notice 1.8kB dist/cli/utils/ScenarioMorphAliasRouting.js.map
19 notice 872B dist/cli/utils/SeedBootstrapPrecheck.d.ts
19 notice 790B dist/cli/utils/SeedBootstrapPrecheck.d.ts.map
19 notice 5.1kB dist/cli/utils/SeedBootstrapPrecheck.js
19 notice 4.2kB dist/cli/utils/SeedBootstrapPrecheck.js.map
19 notice 601B dist/cli/utils/StructuredLogger.d.ts
19 notice 624B dist/cli/utils/StructuredLogger.d.ts.map
19 notice 1.5kB dist/cli/utils/StructuredLogger.js
19 notice 1.4kB dist/cli/utils/StructuredLogger.js.map
19 notice 1.1kB dist/cli/utils/TemplateEngine.d.ts
19 notice 517B dist/cli/utils/TemplateEngine.d.ts.map
19 notice 6.8kB dist/cli/utils/TemplateEngine.js
19 notice 5.4kB dist/cli/utils/TemplateEngine.js.map
19 notice 566B dist/cli/utils/typescript/BaseCommand.d.ts
19 notice 454B dist/cli/utils/typescript/BaseCommand.d.ts.map
19 notice 1.3kB dist/cli/utils/typescript/BaseCommand.js
19 notice 807B dist/cli/utils/typescript/BaseCommand.js.map
19 notice 563B dist/cli/utils/typescript/RuntimeDetector.d.ts
19 notice 263B dist/cli/utils/typescript/RuntimeDetector.d.ts.map
19 notice 2.2kB dist/cli/utils/typescript/RuntimeDetector.js
19 notice 1.3kB dist/cli/utils/typescript/RuntimeDetector.js.map
19 notice 433B dist/cli/utils/typescript/tsRuntime.d.ts
19 notice 279B dist/cli/utils/typescript/tsRuntime.d.ts.map
19 notice 5.2kB dist/cli/utils/typescript/tsRuntime.js
19 notice 4.2kB dist/cli/utils/typescript/tsRuntime.js.map
19 notice 902B dist/cli/utils/typescript/TypeScriptCompiler.d.ts
19 notice 397B dist/cli/utils/typescript/TypeScriptCompiler.d.ts.map
19 notice 5.1kB dist/cli/utils/typescript/TypeScriptCompiler.js
19 notice 3.5kB dist/cli/utils/typescript/TypeScriptCompiler.js.map
19 notice 1.4kB dist/config/database.d.ts
19 notice 207B dist/config/database.d.ts.map
19 notice 3.9kB dist/config/database.js
19 notice 2.2kB dist/config/database.js.map
19 notice 871B dist/config/dbRoleEnv.d.ts
19 notice 1.0kB dist/config/dbRoleEnv.d.ts.map
19 notice 5.5kB dist/config/dbRoleEnv.js
19 notice 5.3kB dist/config/dbRoleEnv.js.map
19 notice 1.2kB dist/core/cache/CacheAnalytics.d.ts
19 notice 704B dist/core/cache/CacheAnalytics.d.ts.map
19 notice 3.4kB dist/core/cache/CacheAnalytics.js
19 notice 3.0kB dist/core/cache/CacheAnalytics.js.map
19 notice 550B dist/core/cache/CacheDriver.d.ts
19 notice 538B dist/core/cache/CacheDriver.d.ts.map
19 notice 236B dist/core/cache/CacheDriver.js
19 notice 182B dist/core/cache/CacheDriver.js.map
19 notice 1.2kB dist/core/cache/CacheFallbackManager.d.ts
19 notice 1.1kB dist/core/cache/CacheFallbackManager.d.ts.map
19 notice 4.1kB dist/core/cache/CacheFallbackManager.js
19 notice 3.9kB dist/core/cache/CacheFallbackManager.js.map
19 notice 448B dist/core/cache/CacheManager.d.ts
19 notice 595B dist/core/cache/CacheManager.d.ts.map
19 notice 780B dist/core/cache/CacheManager.js
19 notice 816B dist/core/cache/CacheManager.js.map
19 notice 1.5kB dist/core/cache/CacheRegistry.d.ts
19 notice 943B dist/core/cache/CacheRegistry.d.ts.map
19 notice 3.8kB dist/core/cache/CacheRegistry.js
19 notice 3.4kB dist/core/cache/CacheRegistry.js.map
19 notice 410B dist/core/cache/drivers/FileCacheDriver.d.ts
19 notice 578B dist/core/cache/drivers/FileCacheDriver.d.ts.map
19 notice 2.2kB dist/core/cache/drivers/FileCacheDriver.js
19 notice 2.1kB dist/core/cache/drivers/FileCacheDriver.js.map
19 notice 587B dist/core/cache/drivers/MemcachedCacheDriver.d.ts
19 notice 680B dist/core/cache/drivers/MemcachedCacheDriver.d.ts.map
19 notice 2.1kB dist/core/cache/drivers/MemcachedCacheDriver.js
19 notice 1.8kB dist/core/cache/drivers/MemcachedCacheDriver.js.map
19 notice 363B dist/core/cache/drivers/MemoryCacheDriver.d.ts
19 notice 548B dist/core/cache/drivers/MemoryCacheDriver.d.ts.map
19 notice 986B dist/core/cache/drivers/MemoryCacheDriver.js
19 notice 1.1kB dist/core/cache/drivers/MemoryCacheDriver.js.map
19 notice 84B dist/core/cache/setupCache.d.ts
19 notice 154B dist/core/cache/setupCache.d.ts.map
19 notice 2.1kB dist/core/cache/setupCache.js
19 notice 1.3kB dist/core/cache/setupCache.js.map
19 notice 920B dist/core/connection/BetterSqliteConnection.d.ts
19 notice 1.3kB dist/core/connection/BetterSqliteConnection.d.ts.map
19 notice 1.0kB dist/core/connection/BetterSqliteConnection.js
19 notice 1.2kB dist/core/connection/BetterSqliteConnection.js.map
19 notice 676B dist/core/connection/ConnectionFactory.d.ts
19 notice 529B dist/core/connection/ConnectionFactory.d.ts.map
19 notice 4.0kB dist/core/connection/ConnectionFactory.js
19 notice 3.4kB dist/core/connection/ConnectionFactory.js.map
19 notice 1.6kB dist/core/connection/DatabaseConnection.d.ts
19 notice 1.6kB dist/core/connection/DatabaseConnection.d.ts.map
19 notice 4.8kB dist/core/connection/DatabaseConnection.js
19 notice 3.9kB dist/core/connection/DatabaseConnection.js.map
19 notice 980B dist/core/connection/DriverAdapter.d.ts
19 notice 1.2kB dist/core/connection/DriverAdapter.d.ts.map
19 notice 4.9kB dist/core/connection/DriverAdapter.js
19 notice 5.2kB dist/core/connection/DriverAdapter.js.map
19 notice 560B dist/core/connection/resolveConnectionName.d.ts
19 notice 372B dist/core/connection/resolveConnectionName.d.ts.map
19 notice 2.0kB dist/core/connection/resolveConnectionName.js
19 notice 1.4kB dist/core/connection/resolveConnectionName.js.map
19 notice 23.0kB dist/core/model/BaseModel.d.ts
19 notice 4.3kB dist/core/model/BaseModel.d.ts.map
19 notice 7.0kB dist/core/model/BaseModel.js
19 notice 4.0kB dist/core/model/BaseModel.js.map
19 notice 2.0kB dist/core/model/BaseModelSafeFinderStatics.d.ts
19 notice 1.5kB dist/core/model/BaseModelSafeFinderStatics.d.ts.map
19 notice 1.9kB dist/core/model/BaseModelSafeFinderStatics.js
19 notice 1.8kB dist/core/model/BaseModelSafeFinderStatics.js.map
19 notice 6.3kB dist/core/model/CoreModel.d.ts
19 notice 6.1kB dist/core/model/CoreModel.d.ts.map
19 notice 18.1kB dist/core/model/CoreModel.js
19 notice 14.9kB dist/core/model/CoreModel.js.map
19 notice 1.8kB dist/core/model/CoreModelPersistenceState.d.ts
19 notice 1.9kB dist/core/model/CoreModelPersistenceState.d.ts.map
19 notice 5.1kB dist/core/model/CoreModelPersistenceState.js
19 notice 5.1kB dist/core/model/CoreModelPersistenceState.js.map
19 notice 551B dist/core/model/CoreModelSafeFinderSupport.d.ts
19 notice 541B dist/core/model/CoreModelSafeFinderSupport.d.ts.map
19 notice 581B dist/core/model/CoreModelSafeFinderSupport.js
19 notice 522B dist/core/model/CoreModelSafeFinderSupport.js.map
19 notice 1.0kB dist/core/model/CoreModelValidationEvents.d.ts
19 notice 1.1kB dist/core/model/CoreModelValidationEvents.d.ts.map
19 notice 1.8kB dist/core/model/CoreModelValidationEvents.js
19 notice 1.7kB dist/core/model/CoreModelValidationEvents.js.map
19 notice 2.0kB dist/core/model/SafeFinder.d.ts
19 notice 2.1kB dist/core/model/SafeFinder.d.ts.map
19 notice 8.9kB dist/core/model/SafeFinder.js
19 notice 8.8kB dist/core/model/SafeFinder.js.map
19 notice 727B dist/core/orm/mixins/CastsMixin.d.ts
19 notice 796B dist/core/orm/mixins/CastsMixin.d.ts.map
19 notice 4.4kB dist/core/orm/mixins/CastsMixin.js
19 notice 3.2kB dist/core/orm/mixins/CastsMixin.js.map
19 notice 825B dist/core/orm/mixins/EagerLoadingMixin.d.ts
19 notice 834B dist/core/orm/mixins/EagerLoadingMixin.d.ts.map
19 notice 5.5kB dist/core/orm/mixins/EagerLoadingMixin.js
19 notice 4.5kB dist/core/orm/mixins/EagerLoadingMixin.js.map
19 notice 732B dist/core/orm/mixins/HooksMixin.d.ts
19 notice 906B dist/core/orm/mixins/HooksMixin.d.ts.map
19 notice 3.7kB dist/core/orm/mixins/HooksMixin.js
19 notice 2.9kB dist/core/orm/mixins/HooksMixin.js.map
19 notice 866B dist/core/orm/mixins/MorphableMixin.d.ts
19 notice 768B dist/core/orm/mixins/MorphableMixin.d.ts.map
19 notice 4.3kB dist/core/orm/mixins/MorphableMixin.js
19 notice 3.3kB dist/core/orm/mixins/MorphableMixin.js.map
19 notice 1.6kB dist/core/orm/mixins/MorphRegistry.d.ts
19 notice 921B dist/core/orm/mixins/MorphRegistry.d.ts.map
19 notice 2.0kB dist/core/orm/mixins/MorphRegistry.js
19 notice 1.4kB dist/core/orm/mixins/MorphRegistry.js.map
19 notice 978B dist/core/orm/mixins/PivotHelperMixin.d.ts
19 notice 796B dist/core/orm/mixins/PivotHelperMixin.d.ts.map
19 notice 4.4kB dist/core/orm/mixins/PivotHelperMixin.js
19 notice 3.4kB dist/core/orm/mixins/PivotHelperMixin.js.map
19 notice 881B dist/core/orm/mixins/QueryCacheMixin.d.ts
19 notice 1.1kB dist/core/orm/mixins/QueryCacheMixin.d.ts.map
19 notice 7.3kB dist/core/orm/mixins/QueryCacheMixin.js
19 notice 4.7kB dist/core/orm/mixins/QueryCacheMixin.js.map
19 notice 875B dist/core/orm/mixins/ScopeMixin.d.ts
19 notice 846B dist/core/orm/mixins/ScopeMixin.d.ts.map
19 notice 2.6kB dist/core/orm/mixins/ScopeMixin.js
19 notice 1.8kB dist/core/orm/mixins/ScopeMixin.js.map
19 notice 1.5kB dist/core/orm/mixins/SerializeMixin.d.ts
19 notice 890B dist/core/orm/mixins/SerializeMixin.d.ts.map
19 notice 2.8kB dist/core/orm/mixins/SerializeMixin.js
19 notice 1.7kB dist/core/orm/mixins/SerializeMixin.js.map
19 notice 792B dist/core/orm/mixins/SoftDeletesMixin.d.ts
19 notice 861B dist/core/orm/mixins/SoftDeletesMixin.d.ts.map
19 notice 5.8kB dist/core/orm/mixins/SoftDeletesMixin.js
19 notice 4.5kB dist/core/orm/mixins/SoftDeletesMixin.js.map
19 notice 500B dist/core/orm/mixins/utils/BaseMethodResolver.d.ts
19 notice 475B dist/core/orm/mixins/utils/BaseMethodResolver.d.ts.map
19 notice 925B dist/core/orm/mixins/utils/BaseMethodResolver.js
19 notice 773B dist/core/orm/mixins/utils/BaseMethodResolver.js.map
19 notice 1.2kB dist/core/orm/mixins/utils/HookStore.d.ts
19 notice 995B dist/core/orm/mixins/utils/HookStore.d.ts.map
19 notice 2.2kB dist/core/orm/mixins/utils/HookStore.js
19 notice 1.9kB dist/core/orm/mixins/utils/HookStore.js.map
19 notice 497B dist/core/orm/mixins/utils/modelRegistration.d.ts
19 notice 512B dist/core/orm/mixins/utils/modelRegistration.d.ts.map
19 notice 1.0kB dist/core/orm/mixins/utils/modelRegistration.js
19 notice 759B dist/core/orm/mixins/utils/modelRegistration.js.map
19 notice 1.3kB dist/core/orm/mixins/utils/ModelRegistry.d.ts
19 notice 937B dist/core/orm/mixins/utils/ModelRegistry.d.ts.map
19 notice 2.8kB dist/core/orm/mixins/utils/ModelRegistry.js
19 notice 2.2kB dist/core/orm/mixins/utils/ModelRegistry.js.map
19 notice 2.1kB dist/core/orm/Relation.d.ts
19 notice 2.0kB dist/core/orm/Relation.d.ts.map
19 notice 2.1kB dist/core/orm/Relation.js
19 notice 2.2kB dist/core/orm/Relation.js.map
19 notice 260B dist/core/orm/relations/BelongsTo.d.ts
19 notice 381B dist/core/orm/relations/BelongsTo.d.ts.map
19 notice 2.8kB dist/core/orm/relations/BelongsTo.js
19 notice 2.7kB dist/core/orm/relations/BelongsTo.js.map
19 notice 809B dist/core/orm/relations/BelongsToMany.d.ts
19 notice 916B dist/core/orm/relations/BelongsToMany.d.ts.map
19 notice 11.0kB dist/core/orm/relations/BelongsToMany.js
19 notice 10.3kB dist/core/orm/relations/BelongsToMany.js.map
19 notice 258B dist/core/orm/relations/HasMany.d.ts
19 notice 382B dist/core/orm/relations/HasMany.d.ts.map
19 notice 3.1kB dist/core/orm/relations/HasMany.js
19 notice 3.1kB dist/core/orm/relations/HasMany.js.map
19 notice 254B dist/core/orm/relations/HasOne.d.ts
19 notice 375B dist/core/orm/relations/HasOne.d.ts.map
19 notice 3.0kB dist/core/orm/relations/HasOne.js
19 notice 3.0kB dist/core/orm/relations/HasOne.js.map
19 notice 430B dist/core/orm/relations/MorphMany.d.ts
19 notice 534B dist/core/orm/relations/MorphMany.d.ts.map
19 notice 4.3kB dist/core/orm/relations/MorphMany.js
19 notice 4.0kB dist/core/orm/relations/MorphMany.js.map
19 notice 426B dist/core/orm/relations/MorphOne.d.ts
19 notice 527B dist/core/orm/relations/MorphOne.d.ts.map
19 notice 4.1kB dist/core/orm/relations/MorphOne.js
19 notice 3.9kB dist/core/orm/relations/MorphOne.js.map
19 notice 373B dist/core/orm/relations/MorphTo.d.ts
19 notice 491B dist/core/orm/relations/MorphTo.d.ts.map
19 notice 3.5kB dist/core/orm/relations/MorphTo.js
19 notice 3.3kB dist/core/orm/relations/MorphTo.js.map
19 notice 2.3kB dist/core/schema/SchemaBlueprint.d.ts
19 notice 2.2kB dist/core/schema/SchemaBlueprint.d.ts.map
19 notice 2.3kB dist/core/schema/SchemaBlueprint.js
19 notice 2.0kB dist/core/schema/SchemaBlueprint.js.map
19 notice 1.2kB dist/core/schema/SchemaBuilder.d.ts
19 notice 1.2kB dist/core/schema/SchemaBuilder.d.ts.map
19 notice 31.4kB dist/core/schema/SchemaBuilder.js
19 notice 25.2kB dist/core/schema/SchemaBuilder.js.map
19 notice 1.0kB dist/core/schema/SchemaValidator.d.ts
19 notice 1.1kB dist/core/schema/SchemaValidator.d.ts.map
19 notice 3.4kB dist/core/schema/SchemaValidator.js
19 notice 3.1kB dist/core/schema/SchemaValidator.js.map
19 notice 657B dist/core/schema/SQLDialect.d.ts
19 notice 454B dist/core/schema/SQLDialect.d.ts.map
19 notice 1.2kB dist/core/schema/SQLDialect.js
19 notice 896B dist/core/schema/SQLDialect.js.map
19 notice 852B dist/core/security/AbstractSecurity.d.ts
19 notice 558B dist/core/security/AbstractSecurity.d.ts.map
19 notice 2.2kB dist/core/security/AbstractSecurity.js
19 notice 1.5kB dist/core/security/AbstractSecurity.js.map
19 notice 368B dist/core/security/EnvKeySecurity.d.ts
19 notice 358B dist/core/security/EnvKeySecurity.d.ts.map
19 notice 2.1kB dist/core/security/EnvKeySecurity.js
19 notice 1.5kB dist/core/security/EnvKeySecurity.js.map
19 notice 206B dist/core/security/index.d.ts
19 notice 235B dist/core/security/index.d.ts.map
19 notice 1.1kB dist/core/security/index.js
19 notice 201B dist/core/security/index.js.map
19 notice 331B dist/core/security/NoSecurity.d.ts
19 notice 298B dist/core/security/NoSecurity.d.ts.map
19 notice 531B dist/core/security/NoSecurity.js
19 notice 318B dist/core/security/NoSecurity.js.map
19 notice 256B dist/core/security/SecretRedactor.d.ts
19 notice 317B dist/core/security/SecretRedactor.d.ts.map
19 notice 2.2kB dist/core/security/SecretRedactor.js
19 notice 2.0kB dist/core/security/SecretRedactor.js.map
19 notice 579B dist/core/security/SecurityContract.d.ts
19 notice 419B dist/core/security/SecurityContract.d.ts.map
19 notice 121B dist/core/security/SecurityContract.js
19 notice 144B dist/core/security/SecurityContract.js.map
19 notice 268B dist/core/security/SecurityFactory.d.ts
19 notice 255B dist/core/security/SecurityFactory.d.ts.map
19 notice 1.1kB dist/core/security/SecurityFactory.js
19 notice 618B dist/core/security/SecurityFactory.js.map
19 notice 1.6kB dist/index.d.ts
19 notice 1.1kB dist/index.d.ts.map
19 notice 4.1kB dist/index.js
19 notice 705B dist/index.js.map
19 notice 136B dist/Model.d.ts
19 notice 186B dist/Model.d.ts.map
19 notice 449B dist/Model.js
19 notice 159B dist/Model.js.map
19 notice 2.9kB package.json
19 notice 2.7kB src/cli/templates/controller.tpl
19 notice 336B src/cli/templates/factory.tpl
19 notice 920B src/cli/templates/migration.tpl
19 notice 382B src/cli/templates/model-registry.tpl
19 notice 3.1kB src/cli/templates/model.tpl
19 notice 2.6kB src/cli/templates/pivot-factory.tpl
19 notice 487B src/cli/templates/seed.tpl
19 notice 833B src/cli/templates/service.tpl
20 notice Tarball Details
21 notice name: Eloquent-ORM.js
22 notice version: 0.10.0
23 notice filename: Eloquent-ORM.js-0.10.0.tgz
24 notice package size: 229.4 kB
25 notice unpacked size: 1.2 MB
26 notice shasum: fe37134f05a3b1b434efb9bd1e6717559ebe246b
27 notice integrity: sha512-EBKnZWWrd3NsY[...]LgpcAk93eB9gQ==
28 notice total files: 487
29 notice
30 http fetch GET 404 https://registry.npmjs.org/Eloquent-ORM.js 556ms (cache skip)
31 http fetch GET 404 https://registry.npmjs.org/Eloquent-ORM.js 285ms (cache skip)
32 notice Publishing to https://registry.npmjs.org/ with tag latest and default access (dry-run)
33 verbose cwd L:\npm dev Packages
34 verbose os Windows_NT 10.0.26200
35 verbose node v24.13.0
36 verbose npm  v11.7.0
37 verbose exit 0
38 info ok
