0 verbose cli C:\Program Files\nodejs\node.exe C:\Users\fares\AppData\Roaming\npm\node_modules\npm\bin\npm-cli.js
1 info using npm@11.7.0
2 info using node@v24.13.0
3 silly config load:file:C:\Users\fares\AppData\Roaming\npm\node_modules\npm\npmrc
4 silly config load:file:L:\npm dev Packages\.npmrc
5 silly config load:file:C:\Users\fares\.npmrc
6 silly config load:file:C:\Users\fares\AppData\Roaming\npm\etc\npmrc
7 verbose title npm pack
8 verbose argv "pack" "--cache" ".npm-pack-cache" "--loglevel" "notice"
9 verbose logfile logs-max:10 dir:L:\npm dev Packages\.npm-pack-cache\_logs\2026-03-14T13_10_47_372Z-
10 verbose logfile L:\npm dev Packages\.npm-pack-cache\_logs\2026-03-14T13_10_47_372Z-debug-0.log
11 silly logfile done cleaning log files
12 silly packumentCache heap:4496293888 maxSize:1124073472 maxEntrySize:562036736
13 http fetch GET 200 https://registry.npmjs.org/npm 807ms
14 notice
15 notice package: eloquentjs@0.10.0
16 notice Tarball Contents
17 notice 2.9kB CHANGELOG.md
17 notice 6.8kB README.md
17 notice 93B dist/cli/commands/cacheClear.d.ts
17 notice 157B dist/cli/commands/cacheClear.d.ts.map
17 notice 3.0kB dist/cli/commands/cacheClear.js
17 notice 2.8kB dist/cli/commands/cacheClear.js.map
17 notice 93B dist/cli/commands/cacheStats.d.ts
17 notice 157B dist/cli/commands/cacheStats.d.ts.map
17 notice 2.8kB dist/cli/commands/cacheStats.js
17 notice 2.6kB dist/cli/commands/cacheStats.js.map
17 notice 450B dist/cli/commands/dbSeed.d.ts
17 notice 505B dist/cli/commands/dbSeed.d.ts.map
17 notice 9.5kB dist/cli/commands/dbSeed.js
17 notice 6.8kB dist/cli/commands/dbSeed.js.map
17 notice 241B dist/cli/commands/dbSeedBootstrapPrecheck.d.ts
17 notice 282B dist/cli/commands/dbSeedBootstrapPrecheck.d.ts.map
17 notice 396B dist/cli/commands/dbSeedBootstrapPrecheck.js
17 notice 275B dist/cli/commands/dbSeedBootstrapPrecheck.js.map
17 notice 421B dist/cli/commands/dbSeedFresh.d.ts
17 notice 458B dist/cli/commands/dbSeedFresh.d.ts.map
17 notice 3.5kB dist/cli/commands/dbSeedFresh.js
17 notice 2.6kB dist/cli/commands/dbSeedFresh.js.map
17 notice 259B dist/cli/commands/demoScenario.d.ts
17 notice 369B dist/cli/commands/demoScenario.d.ts.map
17 notice 9.2kB dist/cli/commands/demoScenario.js
17 notice 8.9kB dist/cli/commands/demoScenario.js.map
17 notice 435B dist/cli/commands/factoryStatus.d.ts
17 notice 316B dist/cli/commands/factoryStatus.d.ts.map
17 notice 8.8kB dist/cli/commands/factoryStatus.js
17 notice 7.1kB dist/cli/commands/factoryStatus.js.map
17 notice 381B dist/cli/commands/makeController.d.ts
17 notice 310B dist/cli/commands/makeController.d.ts.map
17 notice 2.6kB dist/cli/commands/makeController.js
17 notice 1.4kB dist/cli/commands/makeController.js.map
17 notice 408B dist/cli/commands/makeFactory.d.ts
17 notice 424B dist/cli/commands/makeFactory.d.ts.map
17 notice 8.5kB dist/cli/commands/makeFactory.js
17 notice 6.3kB dist/cli/commands/makeFactory.js.map
17 notice 611B dist/cli/commands/makeMigration.d.ts
17 notice 442B dist/cli/commands/makeMigration.d.ts.map
17 notice 24.9kB dist/cli/commands/makeMigration.js
17 notice 20.6kB dist/cli/commands/makeMigration.js.map
17 notice 569B dist/cli/commands/makeModel.d.ts
17 notice 415B dist/cli/commands/makeModel.d.ts.map
17 notice 15.8kB dist/cli/commands/makeModel.js
17 notice 12.6kB dist/cli/commands/makeModel.js.map
17 notice 328B dist/cli/commands/makeScenario.d.ts
17 notice 475B dist/cli/commands/makeScenario.d.ts.map
17 notice 26.6kB dist/cli/commands/makeScenario.js
17 notice 15.3kB dist/cli/commands/makeScenario.js.map
17 notice 282B dist/cli/commands/makeSeed.d.ts
17 notice 331B dist/cli/commands/makeSeed.d.ts.map
17 notice 1.9kB dist/cli/commands/makeSeed.js
17 notice 1.4kB dist/cli/commands/makeSeed.js.map
17 notice 168B dist/cli/commands/makeService.d.ts
17 notice 261B dist/cli/commands/makeService.d.ts.map
17 notice 1.4kB dist/cli/commands/makeService.js
17 notice 1.1kB dist/cli/commands/makeService.js.map
17 notice 482B dist/cli/commands/migrateFresh.d.ts
17 notice 460B dist/cli/commands/migrateFresh.d.ts.map
17 notice 6.2kB dist/cli/commands/migrateFresh.js
17 notice 4.8kB dist/cli/commands/migrateFresh.js.map
17 notice 415B dist/cli/commands/migrateReset.d.ts
17 notice 397B dist/cli/commands/migrateReset.d.ts.map
17 notice 1.3kB dist/cli/commands/migrateReset.js
17 notice 819B dist/cli/commands/migrateReset.js.map
17 notice 386B dist/cli/commands/migrateRollback.d.ts
17 notice 455B dist/cli/commands/migrateRollback.d.ts.map
17 notice 15.2kB dist/cli/commands/migrateRollback.js
17 notice 12.1kB dist/cli/commands/migrateRollback.js.map
17 notice 635B dist/cli/commands/migrateRun.d.ts
17 notice 588B dist/cli/commands/migrateRun.d.ts.map
17 notice 14.0kB dist/cli/commands/migrateRun.js
17 notice 11.6kB dist/cli/commands/migrateRun.js.map
17 notice 342B dist/cli/commands/migrateStatus.d.ts
17 notice 398B dist/cli/commands/migrateStatus.d.ts.map
17 notice 5.4kB dist/cli/commands/migrateStatus.js
17 notice 4.7kB dist/cli/commands/migrateStatus.js.map
17 notice 332B dist/cli/eloquent.d.ts
17 notice 181B dist/cli/eloquent.d.ts.map
17 notice 8.8kB dist/cli/eloquent.js
17 notice 5.8kB dist/cli/eloquent.js.map
17 notice 719B dist/cli/utils/ArtifactCompatibility.d.ts
17 notice 651B dist/cli/utils/ArtifactCompatibility.d.ts.map
17 notice 2.1kB dist/cli/utils/ArtifactCompatibility.js
17 notice 1.5kB dist/cli/utils/ArtifactCompatibility.js.map
17 notice 614B dist/cli/utils/ArtifactRoutingReport.d.ts
17 notice 597B dist/cli/utils/ArtifactRoutingReport.d.ts.map
17 notice 1.1kB dist/cli/utils/ArtifactRoutingReport.js
17 notice 888B dist/cli/utils/ArtifactRoutingReport.js.map
17 notice 948B dist/cli/utils/ArtifactStorage.d.ts
17 notice 755B dist/cli/utils/ArtifactStorage.d.ts.map
17 notice 7.3kB dist/cli/utils/ArtifactStorage.js
17 notice 6.0kB dist/cli/utils/ArtifactStorage.js.map
17 notice 922B dist/cli/utils/AuditTrail.d.ts
17 notice 1.0kB dist/cli/utils/AuditTrail.d.ts.map
17 notice 2.6kB dist/cli/utils/AuditTrail.js
17 notice 2.2kB dist/cli/utils/AuditTrail.js.map
17 notice 398B dist/cli/utils/CliActionRuntime.d.ts
17 notice 457B dist/cli/utils/CliActionRuntime.d.ts.map
17 notice 765B dist/cli/utils/CliActionRuntime.js
17 notice 663B dist/cli/utils/CliActionRuntime.js.map
17 notice 641B dist/cli/utils/CliBootstrapSupport.d.ts
17 notice 653B dist/cli/utils/CliBootstrapSupport.d.ts.map
17 notice 1.7kB dist/cli/utils/CliBootstrapSupport.js
17 notice 1.5kB dist/cli/utils/CliBootstrapSupport.js.map
17 notice 203B dist/cli/utils/CliCommandCatalog.d.ts
17 notice 279B dist/cli/utils/CliCommandCatalog.d.ts.map
17 notice 2.8kB dist/cli/utils/CliCommandCatalog.js
17 notice 1.3kB dist/cli/utils/CliCommandCatalog.js.map
17 notice 680B dist/cli/utils/CliCommandTargets.d.ts
17 notice 555B dist/cli/utils/CliCommandTargets.d.ts.map
17 notice 927B dist/cli/utils/CliCommandTargets.js
17 notice 691B dist/cli/utils/CliCommandTargets.js.map
17 notice 187B dist/cli/utils/CliMakeArtifactCommandRegistration.d.ts
17 notice 279B dist/cli/utils/CliMakeArtifactCommandRegistration.d.ts.map
17 notice 4.4kB dist/cli/utils/CliMakeArtifactCommandRegistration.js
17 notice 3.1kB dist/cli/utils/CliMakeArtifactCommandRegistration.js.map
17 notice 181B dist/cli/utils/CliMigrationCommandRegistration.d.ts
17 notice 273B dist/cli/utils/CliMigrationCommandRegistration.d.ts.map
17 notice 9.9kB dist/cli/utils/CliMigrationCommandRegistration.js
17 notice 6.0kB dist/cli/utils/CliMigrationCommandRegistration.js.map
17 notice 133B dist/cli/utils/CliPresentation.d.ts
17 notice 229B dist/cli/utils/CliPresentation.d.ts.map
17 notice 759B dist/cli/utils/CliPresentation.js
17 notice 488B dist/cli/utils/CliPresentation.js.map
17 notice 591B dist/cli/utils/CliProductionGuards.d.ts
17 notice 570B dist/cli/utils/CliProductionGuards.d.ts.map
17 notice 1.4kB dist/cli/utils/CliProductionGuards.js
17 notice 1.1kB dist/cli/utils/CliProductionGuards.js.map
17 notice 179B dist/cli/utils/CliScaffoldCommandRegistration.d.ts
17 notice 271B dist/cli/utils/CliScaffoldCommandRegistration.d.ts.map
17 notice 3.1kB dist/cli/utils/CliScaffoldCommandRegistration.js
17 notice 2.1kB dist/cli/utils/CliScaffoldCommandRegistration.js.map
17 notice 187B dist/cli/utils/CliSeedScenarioCommandRegistration.d.ts
17 notice 280B dist/cli/utils/CliSeedScenarioCommandRegistration.d.ts.map
17 notice 6.4kB dist/cli/utils/CliSeedScenarioCommandRegistration.js
17 notice 4.0kB dist/cli/utils/CliSeedScenarioCommandRegistration.js.map
17 notice 177B dist/cli/utils/CliSupportCommandRegistration.d.ts
17 notice 269B dist/cli/utils/CliSupportCommandRegistration.d.ts.map
17 notice 2.2kB dist/cli/utils/CliSupportCommandRegistration.js
17 notice 1.2kB dist/cli/utils/CliSupportCommandRegistration.js.map
17 notice 280B dist/cli/utils/ConsoleSilencer.d.ts
17 notice 212B dist/cli/utils/ConsoleSilencer.d.ts.map
17 notice 833B dist/cli/utils/ConsoleSilencer.js
17 notice 779B dist/cli/utils/ConsoleSilencer.js.map
17 notice 2.4kB dist/cli/utils/factories/Factory.d.ts
17 notice 2.1kB dist/cli/utils/factories/Factory.d.ts.map
17 notice 4.5kB dist/cli/utils/factories/Factory.js
17 notice 3.8kB dist/cli/utils/factories/Factory.js.map
17 notice 315B dist/cli/utils/factories/FactoryGraph.d.ts
17 notice 221B dist/cli/utils/factories/FactoryGraph.d.ts.map
17 notice 4.3kB dist/cli/utils/factories/FactoryGraph.js
17 notice 3.2kB dist/cli/utils/factories/FactoryGraph.js.map
17 notice 546B dist/cli/utils/factories/FactoryLoader.d.ts
17 notice 364B dist/cli/utils/factories/FactoryLoader.d.ts.map
17 notice 1.4kB dist/cli/utils/factories/FactoryLoader.js
17 notice 809B dist/cli/utils/factories/FactoryLoader.js.map
17 notice 800B dist/cli/utils/factories/FactoryRegistry.d.ts
17 notice 959B dist/cli/utils/factories/FactoryRegistry.d.ts.map
17 notice 3.8kB dist/cli/utils/factories/FactoryRegistry.js
17 notice 3.1kB dist/cli/utils/factories/FactoryRegistry.js.map
17 notice 289B dist/cli/utils/fileWriter.d.ts
17 notice 289B dist/cli/utils/fileWriter.d.ts.map
17 notice 2.1kB dist/cli/utils/fileWriter.js
17 notice 1.7kB dist/cli/utils/fileWriter.js.map
17 notice 489B dist/cli/utils/ImportResolver.d.ts
17 notice 433B dist/cli/utils/ImportResolver.d.ts.map
17 notice 1.7kB dist/cli/utils/ImportResolver.js
17 notice 1.1kB dist/cli/utils/ImportResolver.js.map
17 notice 1.0kB dist/cli/utils/migrations/MigrationLockStrategy.d.ts
17 notice 1.0kB dist/cli/utils/migrations/MigrationLockStrategy.d.ts.map
17 notice 4.7kB dist/cli/utils/migrations/MigrationLockStrategy.js
17 notice 4.0kB dist/cli/utils/migrations/MigrationLockStrategy.js.map
17 notice 1.6kB dist/cli/utils/migrations/MigrationTracker.d.ts
17 notice 1.6kB dist/cli/utils/migrations/MigrationTracker.d.ts.map
17 notice 12.2kB dist/cli/utils/migrations/MigrationTracker.js
17 notice 10.5kB dist/cli/utils/migrations/MigrationTracker.js.map
17 notice 1.0kB dist/cli/utils/migrations/MongoMigrationTracker.d.ts
17 notice 1.2kB dist/cli/utils/migrations/MongoMigrationTracker.d.ts.map
17 notice 10.6kB dist/cli/utils/migrations/MongoMigrationTracker.js
17 notice 9.5kB dist/cli/utils/migrations/MongoMigrationTracker.js.map
17 notice 951B dist/cli/utils/ModelIntrospector.d.ts
17 notice 1.0kB dist/cli/utils/ModelIntrospector.d.ts.map
17 notice 3.1kB dist/cli/utils/ModelIntrospector.js
17 notice 2.5kB dist/cli/utils/ModelIntrospector.js.map
17 notice 40B dist/cli/utils/nameParser.d.ts
17 notice 130B dist/cli/utils/nameParser.d.ts.map
17 notice 52B dist/cli/utils/nameParser.js
17 notice 128B dist/cli/utils/nameParser.js.map
17 notice 1.8kB dist/cli/utils/PathMap.d.ts
17 notice 1.4kB dist/cli/utils/PathMap.d.ts.map
17 notice 4.7kB dist/cli/utils/PathMap.js
17 notice 3.9kB dist/cli/utils/PathMap.js.map
17 notice 975B dist/cli/utils/ProductionSafety.d.ts
17 notice 804B dist/cli/utils/ProductionSafety.d.ts.map
17 notice 2.3kB dist/cli/utils/ProductionSafety.js
17 notice 1.9kB dist/cli/utils/ProductionSafety.js.map
17 notice 564B dist/cli/utils/resolveConnectionFlags.d.ts
17 notice 604B dist/cli/utils/resolveConnectionFlags.d.ts.map
17 notice 1.7kB dist/cli/utils/resolveConnectionFlags.js
17 notice 1.7kB dist/cli/utils/resolveConnectionFlags.js.map
17 notice 377B dist/cli/utils/resolveSqlConnectionFlags.d.ts
17 notice 453B dist/cli/utils/resolveSqlConnectionFlags.d.ts.map
17 notice 823B dist/cli/utils/resolveSqlConnectionFlags.js
17 notice 853B dist/cli/utils/resolveSqlConnectionFlags.js.map
17 notice 690B dist/cli/utils/ScaffoldGeneratorSupport.d.ts
17 notice 742B dist/cli/utils/ScaffoldGeneratorSupport.d.ts.map
17 notice 2.2kB dist/cli/utils/ScaffoldGeneratorSupport.js
17 notice 1.9kB dist/cli/utils/ScaffoldGeneratorSupport.js.map
17 notice 389B dist/cli/utils/ScenarioMorphAliasRouting.d.ts
17 notice 479B dist/cli/utils/ScenarioMorphAliasRouting.d.ts.map
17 notice 2.4kB dist/cli/utils/ScenarioMorphAliasRouting.js
17 notice 1.8kB dist/cli/utils/ScenarioMorphAliasRouting.js.map
17 notice 872B dist/cli/utils/SeedBootstrapPrecheck.d.ts
17 notice 790B dist/cli/utils/SeedBootstrapPrecheck.d.ts.map
17 notice 5.1kB dist/cli/utils/SeedBootstrapPrecheck.js
17 notice 4.2kB dist/cli/utils/SeedBootstrapPrecheck.js.map
17 notice 601B dist/cli/utils/StructuredLogger.d.ts
17 notice 624B dist/cli/utils/StructuredLogger.d.ts.map
17 notice 1.5kB dist/cli/utils/StructuredLogger.js
17 notice 1.4kB dist/cli/utils/StructuredLogger.js.map
17 notice 1.1kB dist/cli/utils/TemplateEngine.d.ts
17 notice 517B dist/cli/utils/TemplateEngine.d.ts.map
17 notice 6.8kB dist/cli/utils/TemplateEngine.js
17 notice 5.4kB dist/cli/utils/TemplateEngine.js.map
17 notice 566B dist/cli/utils/typescript/BaseCommand.d.ts
17 notice 454B dist/cli/utils/typescript/BaseCommand.d.ts.map
17 notice 1.3kB dist/cli/utils/typescript/BaseCommand.js
17 notice 807B dist/cli/utils/typescript/BaseCommand.js.map
17 notice 563B dist/cli/utils/typescript/RuntimeDetector.d.ts
17 notice 263B dist/cli/utils/typescript/RuntimeDetector.d.ts.map
17 notice 2.2kB dist/cli/utils/typescript/RuntimeDetector.js
17 notice 1.3kB dist/cli/utils/typescript/RuntimeDetector.js.map
17 notice 433B dist/cli/utils/typescript/tsRuntime.d.ts
17 notice 279B dist/cli/utils/typescript/tsRuntime.d.ts.map
17 notice 5.2kB dist/cli/utils/typescript/tsRuntime.js
17 notice 4.2kB dist/cli/utils/typescript/tsRuntime.js.map
17 notice 902B dist/cli/utils/typescript/TypeScriptCompiler.d.ts
17 notice 397B dist/cli/utils/typescript/TypeScriptCompiler.d.ts.map
17 notice 5.1kB dist/cli/utils/typescript/TypeScriptCompiler.js
17 notice 3.5kB dist/cli/utils/typescript/TypeScriptCompiler.js.map
17 notice 1.4kB dist/config/database.d.ts
17 notice 207B dist/config/database.d.ts.map
17 notice 3.9kB dist/config/database.js
17 notice 2.2kB dist/config/database.js.map
17 notice 871B dist/config/dbRoleEnv.d.ts
17 notice 1.0kB dist/config/dbRoleEnv.d.ts.map
17 notice 5.5kB dist/config/dbRoleEnv.js
17 notice 5.3kB dist/config/dbRoleEnv.js.map
17 notice 1.2kB dist/core/cache/CacheAnalytics.d.ts
17 notice 704B dist/core/cache/CacheAnalytics.d.ts.map
17 notice 3.4kB dist/core/cache/CacheAnalytics.js
17 notice 3.0kB dist/core/cache/CacheAnalytics.js.map
17 notice 550B dist/core/cache/CacheDriver.d.ts
17 notice 538B dist/core/cache/CacheDriver.d.ts.map
17 notice 236B dist/core/cache/CacheDriver.js
17 notice 182B dist/core/cache/CacheDriver.js.map
17 notice 1.2kB dist/core/cache/CacheFallbackManager.d.ts
17 notice 1.1kB dist/core/cache/CacheFallbackManager.d.ts.map
17 notice 4.1kB dist/core/cache/CacheFallbackManager.js
17 notice 3.9kB dist/core/cache/CacheFallbackManager.js.map
17 notice 448B dist/core/cache/CacheManager.d.ts
17 notice 595B dist/core/cache/CacheManager.d.ts.map
17 notice 780B dist/core/cache/CacheManager.js
17 notice 816B dist/core/cache/CacheManager.js.map
17 notice 1.5kB dist/core/cache/CacheRegistry.d.ts
17 notice 943B dist/core/cache/CacheRegistry.d.ts.map
17 notice 3.8kB dist/core/cache/CacheRegistry.js
17 notice 3.4kB dist/core/cache/CacheRegistry.js.map
17 notice 410B dist/core/cache/drivers/FileCacheDriver.d.ts
17 notice 578B dist/core/cache/drivers/FileCacheDriver.d.ts.map
17 notice 2.2kB dist/core/cache/drivers/FileCacheDriver.js
17 notice 2.1kB dist/core/cache/drivers/FileCacheDriver.js.map
17 notice 587B dist/core/cache/drivers/MemcachedCacheDriver.d.ts
17 notice 680B dist/core/cache/drivers/MemcachedCacheDriver.d.ts.map
17 notice 2.1kB dist/core/cache/drivers/MemcachedCacheDriver.js
17 notice 1.8kB dist/core/cache/drivers/MemcachedCacheDriver.js.map
17 notice 363B dist/core/cache/drivers/MemoryCacheDriver.d.ts
17 notice 548B dist/core/cache/drivers/MemoryCacheDriver.d.ts.map
17 notice 986B dist/core/cache/drivers/MemoryCacheDriver.js
17 notice 1.1kB dist/core/cache/drivers/MemoryCacheDriver.js.map
17 notice 84B dist/core/cache/setupCache.d.ts
17 notice 154B dist/core/cache/setupCache.d.ts.map
17 notice 2.1kB dist/core/cache/setupCache.js
17 notice 1.3kB dist/core/cache/setupCache.js.map
17 notice 920B dist/core/connection/BetterSqliteConnection.d.ts
17 notice 1.3kB dist/core/connection/BetterSqliteConnection.d.ts.map
17 notice 1.0kB dist/core/connection/BetterSqliteConnection.js
17 notice 1.2kB dist/core/connection/BetterSqliteConnection.js.map
17 notice 676B dist/core/connection/ConnectionFactory.d.ts
17 notice 529B dist/core/connection/ConnectionFactory.d.ts.map
17 notice 4.0kB dist/core/connection/ConnectionFactory.js
17 notice 3.4kB dist/core/connection/ConnectionFactory.js.map
17 notice 1.6kB dist/core/connection/DatabaseConnection.d.ts
17 notice 1.6kB dist/core/connection/DatabaseConnection.d.ts.map
17 notice 4.8kB dist/core/connection/DatabaseConnection.js
17 notice 3.9kB dist/core/connection/DatabaseConnection.js.map
17 notice 980B dist/core/connection/DriverAdapter.d.ts
17 notice 1.2kB dist/core/connection/DriverAdapter.d.ts.map
17 notice 4.9kB dist/core/connection/DriverAdapter.js
17 notice 5.2kB dist/core/connection/DriverAdapter.js.map
17 notice 560B dist/core/connection/resolveConnectionName.d.ts
17 notice 372B dist/core/connection/resolveConnectionName.d.ts.map
17 notice 2.0kB dist/core/connection/resolveConnectionName.js
17 notice 1.4kB dist/core/connection/resolveConnectionName.js.map
17 notice 22.9kB dist/core/model/BaseModel.d.ts
17 notice 4.2kB dist/core/model/BaseModel.d.ts.map
17 notice 6.9kB dist/core/model/BaseModel.js
17 notice 3.9kB dist/core/model/BaseModel.js.map
17 notice 2.0kB dist/core/model/BaseModelSafeFinderStatics.d.ts
17 notice 1.5kB dist/core/model/BaseModelSafeFinderStatics.d.ts.map
17 notice 1.9kB dist/core/model/BaseModelSafeFinderStatics.js
17 notice 1.8kB dist/core/model/BaseModelSafeFinderStatics.js.map
17 notice 6.3kB dist/core/model/CoreModel.d.ts
17 notice 6.1kB dist/core/model/CoreModel.d.ts.map
17 notice 18.1kB dist/core/model/CoreModel.js
17 notice 14.9kB dist/core/model/CoreModel.js.map
17 notice 1.8kB dist/core/model/CoreModelPersistenceState.d.ts
17 notice 1.9kB dist/core/model/CoreModelPersistenceState.d.ts.map
17 notice 5.1kB dist/core/model/CoreModelPersistenceState.js
17 notice 5.1kB dist/core/model/CoreModelPersistenceState.js.map
17 notice 551B dist/core/model/CoreModelSafeFinderSupport.d.ts
17 notice 541B dist/core/model/CoreModelSafeFinderSupport.d.ts.map
17 notice 581B dist/core/model/CoreModelSafeFinderSupport.js
17 notice 522B dist/core/model/CoreModelSafeFinderSupport.js.map
17 notice 1.0kB dist/core/model/CoreModelValidationEvents.d.ts
17 notice 1.1kB dist/core/model/CoreModelValidationEvents.d.ts.map
17 notice 1.8kB dist/core/model/CoreModelValidationEvents.js
17 notice 1.7kB dist/core/model/CoreModelValidationEvents.js.map
17 notice 2.0kB dist/core/model/SafeFinder.d.ts
17 notice 2.1kB dist/core/model/SafeFinder.d.ts.map
17 notice 8.9kB dist/core/model/SafeFinder.js
17 notice 8.8kB dist/core/model/SafeFinder.js.map
17 notice 727B dist/core/orm/mixins/CastsMixin.d.ts
17 notice 796B dist/core/orm/mixins/CastsMixin.d.ts.map
17 notice 4.4kB dist/core/orm/mixins/CastsMixin.js
17 notice 3.2kB dist/core/orm/mixins/CastsMixin.js.map
17 notice 825B dist/core/orm/mixins/EagerLoadingMixin.d.ts
17 notice 834B dist/core/orm/mixins/EagerLoadingMixin.d.ts.map
17 notice 5.5kB dist/core/orm/mixins/EagerLoadingMixin.js
17 notice 4.5kB dist/core/orm/mixins/EagerLoadingMixin.js.map
17 notice 732B dist/core/orm/mixins/HooksMixin.d.ts
17 notice 906B dist/core/orm/mixins/HooksMixin.d.ts.map
17 notice 3.7kB dist/core/orm/mixins/HooksMixin.js
17 notice 2.9kB dist/core/orm/mixins/HooksMixin.js.map
17 notice 866B dist/core/orm/mixins/MorphableMixin.d.ts
17 notice 768B dist/core/orm/mixins/MorphableMixin.d.ts.map
17 notice 4.3kB dist/core/orm/mixins/MorphableMixin.js
17 notice 3.3kB dist/core/orm/mixins/MorphableMixin.js.map
17 notice 1.6kB dist/core/orm/mixins/MorphRegistry.d.ts
17 notice 921B dist/core/orm/mixins/MorphRegistry.d.ts.map
17 notice 2.0kB dist/core/orm/mixins/MorphRegistry.js
17 notice 1.4kB dist/core/orm/mixins/MorphRegistry.js.map
17 notice 978B dist/core/orm/mixins/PivotHelperMixin.d.ts
17 notice 796B dist/core/orm/mixins/PivotHelperMixin.d.ts.map
17 notice 4.4kB dist/core/orm/mixins/PivotHelperMixin.js
17 notice 3.4kB dist/core/orm/mixins/PivotHelperMixin.js.map
17 notice 881B dist/core/orm/mixins/QueryCacheMixin.d.ts
17 notice 1.1kB dist/core/orm/mixins/QueryCacheMixin.d.ts.map
17 notice 7.3kB dist/core/orm/mixins/QueryCacheMixin.js
17 notice 4.7kB dist/core/orm/mixins/QueryCacheMixin.js.map
17 notice 875B dist/core/orm/mixins/ScopeMixin.d.ts
17 notice 846B dist/core/orm/mixins/ScopeMixin.d.ts.map
17 notice 2.6kB dist/core/orm/mixins/ScopeMixin.js
17 notice 1.8kB dist/core/orm/mixins/ScopeMixin.js.map
17 notice 1.5kB dist/core/orm/mixins/SerializeMixin.d.ts
17 notice 890B dist/core/orm/mixins/SerializeMixin.d.ts.map
17 notice 2.8kB dist/core/orm/mixins/SerializeMixin.js
17 notice 1.7kB dist/core/orm/mixins/SerializeMixin.js.map
17 notice 792B dist/core/orm/mixins/SoftDeletesMixin.d.ts
17 notice 861B dist/core/orm/mixins/SoftDeletesMixin.d.ts.map
17 notice 5.8kB dist/core/orm/mixins/SoftDeletesMixin.js
17 notice 4.5kB dist/core/orm/mixins/SoftDeletesMixin.js.map
17 notice 500B dist/core/orm/mixins/utils/BaseMethodResolver.d.ts
17 notice 475B dist/core/orm/mixins/utils/BaseMethodResolver.d.ts.map
17 notice 925B dist/core/orm/mixins/utils/BaseMethodResolver.js
17 notice 773B dist/core/orm/mixins/utils/BaseMethodResolver.js.map
17 notice 1.2kB dist/core/orm/mixins/utils/HookStore.d.ts
17 notice 995B dist/core/orm/mixins/utils/HookStore.d.ts.map
17 notice 2.2kB dist/core/orm/mixins/utils/HookStore.js
17 notice 1.9kB dist/core/orm/mixins/utils/HookStore.js.map
17 notice 497B dist/core/orm/mixins/utils/modelRegistration.d.ts
17 notice 512B dist/core/orm/mixins/utils/modelRegistration.d.ts.map
17 notice 1.0kB dist/core/orm/mixins/utils/modelRegistration.js
17 notice 759B dist/core/orm/mixins/utils/modelRegistration.js.map
17 notice 1.3kB dist/core/orm/mixins/utils/ModelRegistry.d.ts
17 notice 937B dist/core/orm/mixins/utils/ModelRegistry.d.ts.map
17 notice 2.8kB dist/core/orm/mixins/utils/ModelRegistry.js
17 notice 2.2kB dist/core/orm/mixins/utils/ModelRegistry.js.map
17 notice 2.1kB dist/core/orm/Relation.d.ts
17 notice 2.0kB dist/core/orm/Relation.d.ts.map
17 notice 2.1kB dist/core/orm/Relation.js
17 notice 2.2kB dist/core/orm/Relation.js.map
17 notice 260B dist/core/orm/relations/BelongsTo.d.ts
17 notice 381B dist/core/orm/relations/BelongsTo.d.ts.map
17 notice 2.8kB dist/core/orm/relations/BelongsTo.js
17 notice 2.7kB dist/core/orm/relations/BelongsTo.js.map
17 notice 809B dist/core/orm/relations/BelongsToMany.d.ts
17 notice 916B dist/core/orm/relations/BelongsToMany.d.ts.map
17 notice 11.0kB dist/core/orm/relations/BelongsToMany.js
17 notice 10.3kB dist/core/orm/relations/BelongsToMany.js.map
17 notice 258B dist/core/orm/relations/HasMany.d.ts
17 notice 382B dist/core/orm/relations/HasMany.d.ts.map
17 notice 3.1kB dist/core/orm/relations/HasMany.js
17 notice 3.1kB dist/core/orm/relations/HasMany.js.map
17 notice 254B dist/core/orm/relations/HasOne.d.ts
17 notice 375B dist/core/orm/relations/HasOne.d.ts.map
17 notice 3.0kB dist/core/orm/relations/HasOne.js
17 notice 3.0kB dist/core/orm/relations/HasOne.js.map
17 notice 430B dist/core/orm/relations/MorphMany.d.ts
17 notice 534B dist/core/orm/relations/MorphMany.d.ts.map
17 notice 4.3kB dist/core/orm/relations/MorphMany.js
17 notice 4.0kB dist/core/orm/relations/MorphMany.js.map
17 notice 426B dist/core/orm/relations/MorphOne.d.ts
17 notice 527B dist/core/orm/relations/MorphOne.d.ts.map
17 notice 4.1kB dist/core/orm/relations/MorphOne.js
17 notice 3.9kB dist/core/orm/relations/MorphOne.js.map
17 notice 373B dist/core/orm/relations/MorphTo.d.ts
17 notice 491B dist/core/orm/relations/MorphTo.d.ts.map
17 notice 3.5kB dist/core/orm/relations/MorphTo.js
17 notice 3.3kB dist/core/orm/relations/MorphTo.js.map
17 notice 2.3kB dist/core/schema/SchemaBlueprint.d.ts
17 notice 2.2kB dist/core/schema/SchemaBlueprint.d.ts.map
17 notice 2.3kB dist/core/schema/SchemaBlueprint.js
17 notice 2.0kB dist/core/schema/SchemaBlueprint.js.map
17 notice 1.2kB dist/core/schema/SchemaBuilder.d.ts
17 notice 1.2kB dist/core/schema/SchemaBuilder.d.ts.map
17 notice 31.4kB dist/core/schema/SchemaBuilder.js
17 notice 25.2kB dist/core/schema/SchemaBuilder.js.map
17 notice 1.0kB dist/core/schema/SchemaValidator.d.ts
17 notice 1.1kB dist/core/schema/SchemaValidator.d.ts.map
17 notice 3.4kB dist/core/schema/SchemaValidator.js
17 notice 3.1kB dist/core/schema/SchemaValidator.js.map
17 notice 657B dist/core/schema/SQLDialect.d.ts
17 notice 454B dist/core/schema/SQLDialect.d.ts.map
17 notice 1.2kB dist/core/schema/SQLDialect.js
17 notice 896B dist/core/schema/SQLDialect.js.map
17 notice 852B dist/core/security/AbstractSecurity.d.ts
17 notice 558B dist/core/security/AbstractSecurity.d.ts.map
17 notice 2.2kB dist/core/security/AbstractSecurity.js
17 notice 1.5kB dist/core/security/AbstractSecurity.js.map
17 notice 368B dist/core/security/EnvKeySecurity.d.ts
17 notice 358B dist/core/security/EnvKeySecurity.d.ts.map
17 notice 2.1kB dist/core/security/EnvKeySecurity.js
17 notice 1.5kB dist/core/security/EnvKeySecurity.js.map
17 notice 206B dist/core/security/index.d.ts
17 notice 235B dist/core/security/index.d.ts.map
17 notice 1.1kB dist/core/security/index.js
17 notice 201B dist/core/security/index.js.map
17 notice 331B dist/core/security/NoSecurity.d.ts
17 notice 298B dist/core/security/NoSecurity.d.ts.map
17 notice 531B dist/core/security/NoSecurity.js
17 notice 318B dist/core/security/NoSecurity.js.map
17 notice 256B dist/core/security/SecretRedactor.d.ts
17 notice 317B dist/core/security/SecretRedactor.d.ts.map
17 notice 2.2kB dist/core/security/SecretRedactor.js
17 notice 2.0kB dist/core/security/SecretRedactor.js.map
17 notice 579B dist/core/security/SecurityContract.d.ts
17 notice 419B dist/core/security/SecurityContract.d.ts.map
17 notice 121B dist/core/security/SecurityContract.js
17 notice 144B dist/core/security/SecurityContract.js.map
17 notice 268B dist/core/security/SecurityFactory.d.ts
17 notice 255B dist/core/security/SecurityFactory.d.ts.map
17 notice 1.1kB dist/core/security/SecurityFactory.js
17 notice 618B dist/core/security/SecurityFactory.js.map
17 notice 1.5kB dist/index.d.ts
17 notice 1.1kB dist/index.d.ts.map
17 notice 4.0kB dist/index.js
17 notice 684B dist/index.js.map
17 notice 2.7kB package.json
17 notice 2.7kB src/cli/templates/controller.tpl
17 notice 336B src/cli/templates/factory.tpl
17 notice 920B src/cli/templates/migration.tpl
17 notice 3.1kB src/cli/templates/model.tpl
17 notice 2.6kB src/cli/templates/pivot-factory.tpl
17 notice 487B src/cli/templates/seed.tpl
17 notice 833B src/cli/templates/service.tpl
18 notice Tarball Details
19 notice name: eloquentjs
20 notice version: 0.10.0
21 notice filename: eloquentjs-0.10.0.tgz
22 notice package size: 227.2 kB
23 notice unpacked size: 1.2 MB
24 notice shasum: 30e82f969c75c188603f2130bf9e082cdfa31d09
25 notice integrity: sha512-zTZuj54h6W0v9[...]Q4PagVWa5eYMg==
26 notice total files: 478
27 notice
28 verbose cwd L:\npm dev Packages
29 verbose os Windows_NT 10.0.26200
30 verbose node v24.13.0
31 verbose npm  v11.7.0
32 notice
32 notice New minor version of npm available! 11.7.0 -> 11.11.1
32 notice Changelog: https://github.com/npm/cli/releases/tag/v11.11.1
32 notice To update run: npm install -g npm@11.11.1
32 notice  { force: true, Symbol(proc-log.meta): true }
33 verbose exit 0
34 info ok
